###############################################################################
#
# IAR ELF Linker V8.50.1.245/W32 for ARM                  18/Jun/2021  03:25:49
# Copyright 2007-2020 IAR Systems AB.
#
#    Output file  =
#        F:\Tiva_C\Communication_Imate_Uart\Communication_Imate_Uart_V1\Debug\Exe\Communication_Imate_Uart_V1.out
#    Map file     =
#        F:\Tiva_C\Communication_Imate_Uart\Communication_Imate_Uart_V1\Debug\List\Communication_Imate_Uart_V1.map
#    Command line =
#        -f C:\Users\Owner\AppData\Local\Temp\EWD764.tmp
#        (F:\Tiva_C\Communication_Imate_Uart\Communication_Imate_Uart_V1\Debug\Obj\Clock_Driver.o
#        F:\Tiva_C\Communication_Imate_Uart\Communication_Imate_Uart_V1\Debug\Obj\Debug_Driver.o
#        F:\Tiva_C\Communication_Imate_Uart\Communication_Imate_Uart_V1\Debug\Obj\GPIO_Driver.o
#        F:\Tiva_C\Communication_Imate_Uart\Communication_Imate_Uart_V1\Debug\Obj\GPTM_Driver.o
#        F:\Tiva_C\Communication_Imate_Uart\Communication_Imate_Uart_V1\Debug\Obj\main.o
#        F:\Tiva_C\Communication_Imate_Uart\Communication_Imate_Uart_V1\Debug\Obj\PWM_Driver.o
#        F:\Tiva_C\Communication_Imate_Uart\Communication_Imate_Uart_V1\Debug\Obj\UART_Driver.o
#        --no_out_extension -o
#        F:\Tiva_C\Communication_Imate_Uart\Communication_Imate_Uart_V1\Debug\Exe\Communication_Imate_Uart_V1.out
#        --redirect _Printf=_PrintfFullNoMb --redirect _Scanf=_ScanfFullNoMb
#        --map
#        F:\Tiva_C\Communication_Imate_Uart\Communication_Imate_Uart_V1\Debug\List\Communication_Imate_Uart_V1.map
#        --config G:\IAR\arm\config\linker\TexasInstruments\TM4C123GH6.icf
#        --semihosting --entry __iar_program_start --vfe --text_out locale)
#
###############################################################################

*******************************************************************************
*** RUNTIME MODEL ATTRIBUTES
***

CppFlavor       = *
__SystemLibrary = DLib
__dlib_version  = 6


*******************************************************************************
*** HEAP SELECTION
***

The basic heap was selected because some modules are built with
size limitations (and not runtime checking), and --advanced_heap
was not specified.


*******************************************************************************
*** PLACEMENT SUMMARY
***

"A0":  place at address 0x0 { ro section .intvec };
"P1":  place in [from 0x0 to 0x3'ffff] { ro };
define block CSTACK with size = 4K, alignment = 8 { };
define block HEAP with size = 8K, alignment = 8 { };
"P2":  place in [from 0x2000'0000 to 0x2000'7fff] {
          rw, block CSTACK, block HEAP };
initialize by copy { rw };

  Section            Kind         Address    Size  Object
  -------            ----         -------    ----  ------
"A0":                                        0x40
  .intvec            ro code          0x0    0x40  vector_table_M.o [4]
                                   - 0x40    0x40

"P1":                                      0x30b1
  .text              ro code         0x40   0xfa6  xprintffull_nomb.o [2]
  .text              ro code        0xfe6     0x2  vector_table_M.o [4]
  .text              ro code        0xfe8    0x16  strchr.o [4]
  .text              ro code       0x1000    0x40  xfail_s.o [2]
  .text              ro code       0x1040    0x36  strlen.o [4]
  .text              ro code       0x1078    0x58  memchr.o [4]
  .text              ro code       0x10d0    0x76  ABImemcpy_unaligned.o [4]
  .text              ro code       0x1148    0x70  frexp.o [3]
  .text              ro code       0x11b8    0x2e  DblCmpLe.o [3]
  .text              ro code       0x11e8    0x2e  DblCmpGe.o [3]
  .text              ro code       0x1218   0x13a  ldexp.o [3]
  .text              ro code       0x1354    0x3a  DblToS32.o [3]
  .text              ro code       0x1390    0x22  S32ToDbl.o [3]
  .text              ro code       0x13b4    0xe2  DblSub.o [3]
  .text              ro code       0x1498   0x246  DblDiv.o [3]
  .text              ro code       0x16e0    0x28  DblToU32.o [3]
  .text              ro code       0x1708    0x1a  U32ToDbl.o [3]
  .text              ro code       0x1724   0x1a2  DblMul.o [3]
  .text              ro code       0x18c8   0x230  I64DivMod.o [4]
  .text              ro code       0x1af8     0x6  abort.o [2]
  .text              ro code       0x1b00   0x17a  DblAdd.o [3]
  .text              ro code       0x1c7c     0x2  I64DivZer.o [4]
  .text              ro code       0x1c80    0x14  exit.o [5]
  .text              ro code       0x1c94    0x2c  iarttio.o [5]
  .text              ro code       0x1cc0     0x8  XShttio.o [2]
  .text              ro code       0x1cc8   0x33c  PWM_Driver.o [1]
  .text              ro code       0x2004    0x12  math_wrappers64.o [3]
  .text              ro code       0x2018    0x12  strcmp.o [4]
  .text              ro code       0x202c    0x98  Debug_Driver.o [1]
  .text              ro code       0x20c4    0x28  printf.o [2]
  .text              ro code       0x20ec   0x314  logx64.o [3]
  .text              ro code       0x2400   0x2f8  GPIO_Driver.o [1]
  .text              ro code       0x26f8   0x324  main.o [1]
  .text              ro code       0x2a1c   0x168  UART_Driver.o [1]
  .text              ro code       0x2b84    0x78  lz77_init_single.o [4]
  .text              ro code       0x2bfc    0x50  iarttio.o [5]
  .text              ro code       0x2c4c    0x24  XShttio.o [2]
  .text              ro code       0x2c70    0x14  XShttio.o [2]
  .text              ro code       0x2c84    0x28  data_init.o [4]
  .text              ro code       0x2cac    0x22  fpinit_M.o [3]
  .text              ro code       0x2cce    0x22  iarwrite.o [5]
  .iar.init_table    const         0x2cf0    0x10  - Linker created -
  .rodata            const         0x2d00    0x20  PWM_Driver.o [1]
  .text              ro code       0x2d20    0x20  putchar.o [2]
  .text              ro code       0x2d40    0x10  write.o [5]
  .text              ro code       0x2d50    0x1e  dwrite.o [5]
  .text              ro code       0x2d6e    0x20  iarwstd.o [5]
  .text              ro code       0x2d90    0x1e  cmain.o [4]
  .text              ro code       0x2dae     0x4  low_level_init.o [2]
  .text              ro code       0x2db2     0x4  exit.o [2]
  .text              ro code       0x2db8     0xa  cexit.o [4]
  .rodata            const         0x2dc4    0x1c  main.o [1]
  .rodata            const         0x2de0    0x18  main.o [1]
  .rodata            const         0x2df8    0x18  main.o [1]
  .text              ro code       0x2e10    0x16  xprout.o [2]
  .rodata            const         0x2e28     0xc  GPIO_Driver.o [1]
  .rodata            const         0x2e34     0xc  GPIO_Driver.o [1]
  .rodata            const         0x2e40     0xc  main.o [1]
  .text              ro code       0x2e4c     0xc  cstartup_M.o [4]
  .rodata            const         0x2e58     0x8  Debug_Driver.o [1]
  .rodata            const         0x2e60     0x8  Debug_Driver.o [1]
  .rodata            const         0x2e68     0x8  Debug_Driver.o [1]
  .rodata            const         0x2e70     0x8  GPIO_Driver.o [1]
  .rodata            const         0x2e78     0x8  GPIO_Driver.o [1]
  .rodata            const         0x2e80     0x8  GPIO_Driver.o [1]
  .rodata            const         0x2e88     0x8  GPIO_Driver.o [1]
  .rodata            const         0x2e90     0x8  GPIO_Driver.o [1]
  .rodata            const         0x2e98     0x8  GPIO_Driver.o [1]
  .rodata            const         0x2ea0     0x8  main.o [1]
  .rodata            const         0x2ea8     0x8  main.o [1]
  .rodata            const         0x2eb0     0x8  main.o [1]
  .rodata            const         0x2eb8     0x8  main.o [1]
  .rodata            const         0x2ec0     0x8  main.o [1]
  .rodata            const         0x2ec8     0x8  main.o [1]
  .rodata            const         0x2ed0     0x8  main.o [1]
  .rodata            const         0x2ed8     0x8  main.o [1]
  .rodata            const         0x2ee0     0x8  PWM_Driver.o [1]
  .rodata            const         0x2ee8     0x8  PWM_Driver.o [1]
  .rodata            const         0x2ef0     0x8  PWM_Driver.o [1]
  .rodata            const         0x2ef8     0x8  UART_Driver.o [1]
  .rodata            const         0x2f00     0x8  UART_Driver.o [1]
  .rodata            const         0x2f08     0x8  xprintffull_nomb.o [2]
  .rodata            const         0x2f10     0x0  lz77_init_single.o [4]
  Initializer bytes  const         0x2f10   0x1e1  <for P2-1>
                                 - 0x30f1  0x30b1

"P2", part 1 of 2:                          0x279
  P2-1                        0x2000'0000   0x279  <Init block>
    .data            inited   0x2000'0000    0x18  GPIO_Driver.o [1]
    .data            inited   0x2000'0018    0x18  GPIO_Driver.o [1]
    .data            inited   0x2000'0030    0x18  GPIO_Driver.o [1]
    .data            inited   0x2000'0048    0x18  GPIO_Driver.o [1]
    .data            inited   0x2000'0060    0x18  GPIO_Driver.o [1]
    .data            inited   0x2000'0078    0x18  GPIO_Driver.o [1]
    .data            inited   0x2000'0090    0x18  GPIO_Driver.o [1]
    .data            inited   0x2000'00a8    0x20  PWM_Driver.o [1]
    .data            inited   0x2000'00c8    0x20  PWM_Driver.o [1]
    .data            inited   0x2000'00e8    0x20  PWM_Driver.o [1]
    .data            inited   0x2000'0108    0x20  PWM_Driver.o [1]
    .data            inited   0x2000'0128    0x20  PWM_Driver.o [1]
    .data            inited   0x2000'0148    0x20  PWM_Driver.o [1]
    .data            inited   0x2000'0168    0x20  UART_Driver.o [1]
    .data            inited   0x2000'0188    0x20  UART_Driver.o [1]
    .data            inited   0x2000'01a8    0x20  UART_Driver.o [1]
    .data            inited   0x2000'01c8    0x20  UART_Driver.o [1]
    .data            inited   0x2000'01e8    0x20  UART_Driver.o [1]
    .data            inited   0x2000'0208    0x20  UART_Driver.o [1]
    .data            inited   0x2000'0228    0x20  UART_Driver.o [1]
    .data            inited   0x2000'0248    0x20  UART_Driver.o [1]
    .data            inited   0x2000'0268     0x8  XShttio.o [2]
    .bss             inited   0x2000'0270     0x4  PWM_Driver.o [1]
    .bss             inited   0x2000'0274     0x4  xfail_s.o [2]
    .bss             inited   0x2000'0278     0x1  XShttio.o [2]
                            - 0x2000'0279   0x279

"P2", part 2 of 2:                         0x1000
  CSTACK                      0x2000'0280  0x1000  <Block>
    CSTACK           uninit   0x2000'0280  0x1000  <Block tail>
                            - 0x2000'1280  0x1000

Unused ranges:

         From           To      Size
         ----           --      ----
       0x30f1     0x3'ffff  0x3'cf0f
  0x2000'0279  0x2000'027f       0x7
  0x2000'1280  0x2000'7fff    0x6d80


*******************************************************************************
*** INIT TABLE
***

          Address      Size
          -------      ----
Copy/lz77 (__iar_lz77_init_single3)
    1 source range, total size 0x1e1 (75% of destination):
               0x2f10  0x1e1
    1 destination range, total size 0x279:
          0x2000'0000  0x279



*******************************************************************************
*** MODULE SUMMARY
***

    Module                 ro code  ro data  rw data
    ------                 -------  -------  -------
command line/config:
    ------------------------------------------------
    Total:

F:\Tiva_C\Communication_Imate_Uart\Communication_Imate_Uart_V1\Debug\Obj: [1]
    Debug_Driver.o             152       24
    GPIO_Driver.o              760      199      168
    PWM_Driver.o               828      205      196
    UART_Driver.o              360      211      256
    main.o                     804      152
    ------------------------------------------------
    Total:                   2'904      791      620

dl7M_tln.a: [2]
    XShttio.o                   64        7        9
    abort.o                      6
    exit.o                       4
    low_level_init.o             4
    printf.o                    40
    putchar.o                   32
    xfail_s.o                   64        3        4
    xprintffull_nomb.o       4'006        8
    xprout.o                    22
    ------------------------------------------------
    Total:                   4'242       18       13

m7M_tls.a: [3]
    DblAdd.o                   378
    DblCmpGe.o                  46
    DblCmpLe.o                  46
    DblDiv.o                   582
    DblMul.o                   418
    DblSub.o                   226
    DblToS32.o                  58
    DblToU32.o                  40
    S32ToDbl.o                  34
    U32ToDbl.o                  26
    fpinit_M.o                  34
    frexp.o                    112
    ldexp.o                    314
    logx64.o                   788
    math_wrappers64.o           18
    ------------------------------------------------
    Total:                   3'120

rt7M_tl.a: [4]
    ABImemcpy_unaligned.o      118
    I64DivMod.o                560
    I64DivZer.o                  2
    cexit.o                     10
    cmain.o                     30
    cstartup_M.o                12
    data_init.o                 40
    lz77_init_single.o         120
    memchr.o                    88
    strchr.o                    22
    strcmp.o                    18
    strlen.o                    54
    vector_table_M.o            66
    ------------------------------------------------
    Total:                   1'140

shb_l.a: [5]
    dwrite.o                    30
    exit.o                      20
    iarttio.o                  124
    iarwrite.o                  34
    iarwstd.o                   32
    write.o                     16
    ------------------------------------------------
    Total:                     256

    Gaps                        38        4
    Linker created                       16    4'096
----------------------------------------------------
    Grand Total:            11'700      829    4'729


*******************************************************************************
*** ENTRY LIST
***

Entry                       Address   Size  Type      Object
-----                       -------   ----  ----      ------
.iar.init_table$$Base        0x2cf0          --   Gb  - Linker created -
.iar.init_table$$Limit       0x2d00          --   Gb  - Linker created -
?main                        0x2d91         Code  Gb  cmain.o [4]
AFSEL_R                 0x2000'0048   0x18  Data  Gb  GPIO_Driver.o [1]
AMSEL_R                 0x2000'0018   0x18  Data  Gb  GPIO_Driver.o [1]
Baud_Rate_UART_Module        0x2a9d   0x44  Code  Gb  UART_Driver.o [1]
CLK_Enable                   0x2401   0x20  Code  Gb  GPIO_Driver.o [1]
CLK_Enable_UART_Module       0x2a1d   0x1a  Code  Gb  UART_Driver.o [1]
CLK_PORTS               0x2000'0000   0x18  Data  Gb  GPIO_Driver.o [1]
CLK_PWM_Enable               0x1cc9   0x18  Code  Gb  PWM_Driver.o [1]
CLK_UART_Modules        0x2000'0168   0x20  Data  Gb  UART_Driver.o [1]
CSTACK$$Base            0x2000'0280          --   Gb  - Linker created -
CSTACK$$Limit           0x2000'1280          --   Gb  - Linker created -
DATA_R                  0x2000'0078   0x18  Data  Gb  GPIO_Driver.o [1]
DEN_R                   0x2000'0030   0x18  Data  Gb  GPIO_Driver.o [1]
DIR_R                   0x2000'0060   0x18  Data  Gb  GPIO_Driver.o [1]
Debug_Led                    0x202d   0x84  Code  Gb  Debug_Driver.o [1]
Enable_UART_Module           0x2a37   0x66  Code  Gb  UART_Driver.o [1]
GPIO_PORT_LOCK               0x2421   0x2a  Code  Gb  GPIO_Driver.o [1]
LED                          0x2955   0x8a  Code  Gb  main.o [1]
Message_1                    0x28b7   0x2e  Code  Gb  main.o [1]
Message_2                    0x28e5   0x2e  Code  Gb  main.o [1]
Message_3                    0x2913   0x2e  Code  Gb  main.o [1]
New_Line_Message             0x2941   0x14  Code  Gb  main.o [1]
PCTL_R                  0x2000'0090   0x18  Data  Gb  GPIO_Driver.o [1]
PIN_ANALOG_DIGITAL           0x244b   0xc6  Code  Gb  GPIO_Driver.o [1]
PIN_CONFIGURE                0x25fd   0x3e  Code  Gb  GPIO_Driver.o [1]
PIN_FUNCTION_SELECT          0x2511   0x76  Code  Gb  GPIO_Driver.o [1]
PIN_INPUT_OUTPUT             0x2587   0x76  Code  Gb  GPIO_Driver.o [1]
PIN_WRITE_DIGITAL            0x263b   0x68  Code  Gb  GPIO_Driver.o [1]
PWM_Action_Comparator_Down
                             0x1e1b   0x98  Code  Gb  PWM_Driver.o [1]
PWM_Action_For_Load          0x1d83   0x98  Code  Gb  PWM_Driver.o [1]
PWM_CMPA_R              0x2000'0148   0x20  Data  Gb  PWM_Driver.o [1]
PWM_CMPB_R              0x2000'0128   0x20  Data  Gb  PWM_Driver.o [1]
PWM_CTL_R               0x2000'00a8   0x20  Data  Gb  PWM_Driver.o [1]
PWM_GENA_R              0x2000'00c8   0x20  Data  Gb  PWM_Driver.o [1]
PWM_GENB_R              0x2000'00e8   0x20  Data  Gb  PWM_Driver.o [1]
PWM_Generator_Enable         0x1d39   0x4a  Code  Gb  PWM_Driver.o [1]
PWM_Load_R              0x2000'0108   0x20  Data  Gb  PWM_Driver.o [1]
PWM_Load_Value          0x2000'0270    0x4  Data  Gb  PWM_Driver.o [1]
PWM_Module_Start             0x1fa7    0xc  Code  Gb  PWM_Driver.o [1]
PWM_Set_Duty_Cycle           0x1f21   0x86  Code  Gb  PWM_Driver.o [1]
PWM_Set_Frequency            0x1eb5   0x6a  Code  Gb  PWM_Driver.o [1]
Receive_UART_Module          0x2b33   0x18  Code  Gb  UART_Driver.o [1]
Region$$Table$$Base          0x2cf0          --   Gb  - Linker created -
Region$$Table$$Limit         0x2d00          --   Gb  - Linker created -
Transmit_UART_Module         0x2b1b   0x18  Code  Gb  UART_Driver.o [1]
UART_BUFFER_R           0x2000'0228   0x20  Data  Gb  UART_Driver.o [1]
UART_CLK_R              0x2000'01e8   0x20  Data  Gb  UART_Driver.o [1]
UART_CTL_R              0x2000'0188   0x20  Data  Gb  UART_Driver.o [1]
UART_DR_R               0x2000'0248   0x20  Data  Gb  UART_Driver.o [1]
UART_FBRD_R             0x2000'01c8   0x20  Data  Gb  UART_Driver.o [1]
UART_IBRD_R             0x2000'01a8   0x20  Data  Gb  UART_Driver.o [1]
UART_LCRH_R             0x2000'0208   0x20  Data  Gb  UART_Driver.o [1]
Use_PWM_Divisor              0x1ce1   0x58  Code  Gb  PWM_Driver.o [1]
Word_Length_UART_Module
                             0x2ae1   0x3a  Code  Gb  UART_Driver.o [1]
_LitobFullNoMb                0xde1  0x10a  Code  Lc  xprintffull_nomb.o [2]
_PrintfFullNoMb                0x41  0xd7c  Code  Gb  xprintffull_nomb.o [2]
_Prout                       0x2e11   0x16  Code  Gb  xprout.o [2]
_PutcharFullNoMb              0xf51   0x20  Code  Lc  xprintffull_nomb.o [2]
_PutcharsFullNoMb             0xf71   0x2e  Code  Lc  xprintffull_nomb.o [2]
__aeabi_cdcmple              0x11b9         Code  Gb  DblCmpLe.o [3]
__aeabi_cdrcmple             0x11e9         Code  Gb  DblCmpGe.o [3]
__aeabi_d2iz                 0x1355         Code  Gb  DblToS32.o [3]
__aeabi_d2uiz                0x16e1         Code  Gb  DblToU32.o [3]
__aeabi_dadd                 0x1b01         Code  Gb  DblAdd.o [3]
__aeabi_ddiv                 0x1499         Code  Gb  DblDiv.o [3]
__aeabi_dmul                 0x1725         Code  Gb  DblMul.o [3]
__aeabi_dsub                 0x13b5         Code  Gb  DblSub.o [3]
__aeabi_i2d                  0x1391         Code  Gb  S32ToDbl.o [3]
__aeabi_ldiv0                0x1c7d         Code  Gb  I64DivZer.o [4]
__aeabi_ui2d                 0x1709         Code  Gb  U32ToDbl.o [3]
__aeabi_uldivmod             0x18c9         Code  Gb  I64DivMod.o [4]
__cmain                      0x2d91         Code  Gb  cmain.o [4]
__dwrite                     0x2d51   0x1e  Code  Gb  dwrite.o [5]
__exit                       0x1c81   0x14  Code  Gb  exit.o [5]
__iar_Fail_s                 0x1001   0x1c  Code  Gb  xfail_s.o [2]
__iar_Log64                  0x20ed  0x278  Code  Lc  logx64.o [3]
__iar_Memchr                 0x1079         Code  Gb  memchr.o [4]
__iar_Strchr                  0xfe9         Code  Gb  strchr.o [4]
__iar_close_ttio             0x1c95   0x2c  Code  Wk  iarttio.o [5]
__iar_dadd                   0x13c5         Code  Gb  DblSub.o [3]
__iar_data_init3             0x2c85   0x28  Code  Gb  data_init.o [4]
__iar_dsub                   0x1b11         Code  Gb  DblAdd.o [3]
__iar_dsubStart              0x1b23         Code  Gb  DblAdd.o [3]
__iar_frexp                  0x1155         Code  Gb  frexp.o [3]
__iar_frexpl                 0x1155         Code  Gb  frexp.o [3]
__iar_get_ttio               0x2bfd   0x4c  Code  Gb  iarttio.o [5]
__iar_init_vfp               0x2cad         Code  Gb  fpinit_M.o [3]
__iar_ldexp64                0x1219         Code  Gb  ldexp.o [3]
__iar_log64                  0x23fd    0x4  Code  Gb  logx64.o [3]
__iar_log_medium             0x23fd    0x4  Code  Gb  logx64.o [3]
__iar_log_medium64           0x23fd    0x4  Code  Gb  logx64.o [3]
__iar_log_mediuml            0x23fd    0x4  Code  Gb  logx64.o [3]
__iar_lookup_ttioh           0x1cc1    0x8  Code  Gb  XShttio.o [2]
__iar_lz77_init_single3
                             0x2b85   0x78  Code  Gb  lz77_init_single.o [4]
__iar_program_start          0x2e4d         Code  Gb  cstartup_M.o [4]
__iar_scalbln64              0x1219         Code  Gb  ldexp.o [3]
__iar_scalbn64               0x1219         Code  Gb  ldexp.o [3]
__iar_sh_stdout              0x2d6f   0x20  Code  Gb  iarwstd.o [5]
__iar_sh_write               0x2ccf   0x22  Code  Gb  iarwrite.o [5]
__iar_softfp___iar_frexp64
                             0x1149         Code  Gb  frexp.o [3]
__iar_softfp_frexp           0x1149         Code  Gb  frexp.o [3]
__iar_softfp_frexpl          0x1149         Code  Gb  frexp.o [3]
__iar_ttio_guard_lock        0x2c4d   0x24  Code  Wk  XShttio.o [2]
__iar_ttio_guard_unlock
                             0x2c71   0x14  Code  Wk  XShttio.o [2]
__iar_ttio_handles      0x2000'0268    0x8  Data  Lc  XShttio.o [2]
__iar_unaligned_memcpy       0x10d1         Code  Gb  ABImemcpy_unaligned.o [4]
__iar_unaligned_memcpy4
                             0x10f1         Code  Gb  ABImemcpy_unaligned.o [4]
__iar_unaligned_memcpy8
                             0x10f1         Code  Gb  ABImemcpy_unaligned.o [4]
__iar_vfp_log                0x200b    0xc  Code  Gb  math_wrappers64.o [3]
__low_level_init             0x2daf    0x4  Code  Gb  low_level_init.o [2]
__vector_table                  0x0         Data  Gb  vector_table_M.o [4]
__write                      0x2d41   0x10  Code  Gb  write.o [5]
_call_main                   0x2d9d         Code  Gb  cmain.o [4]
_exit                        0x2db9         Code  Gb  cexit.o [4]
_main                        0x2dab         Code  Gb  cmain.o [4]
abort                        0x1af9    0x6  Code  Gb  abort.o [2]
exit                         0x2db3    0x4  Code  Gb  exit.o [2]
ldexp                        0x1219         Code  Gb  ldexp.o [3]
ldexpl                       0x1219         Code  Gb  ldexp.o [3]
log                          0x23fd    0x4  Code  Gb  logx64.o [3]
logl                         0x23fd    0x4  Code  Gb  logx64.o [3]
main                         0x26f9  0x1be  Code  Gb  main.o [1]
memchr                       0x1079         Code  Gb  memchr.o [4]
printf                       0x20c5   0x28  Code  Gb  printf.o [2]
putchar                      0x2d21   0x20  Code  Gb  putchar.o [2]
scalbln                      0x1219         Code  Gb  ldexp.o [3]
scalblnl                     0x1219         Code  Gb  ldexp.o [3]
scalbn                       0x1219         Code  Gb  ldexp.o [3]
scalbnl                      0x1219         Code  Gb  ldexp.o [3]
scale                         0xeeb   0x46  Code  Lc  xprintffull_nomb.o [2]
sec_hand                0x2000'0274    0x4  Data  Lc  xfail_s.o [2]
strchr                        0xfe9         Code  Gb  strchr.o [4]
strcmp                       0x2019         Code  Gb  strcmp.o [4]
strlen                       0x1041         Code  Gb  strlen.o [4]
ttio_guard              0x2000'0278    0x1  Data  Lc  XShttio.o [2]


[1] = F:\Tiva_C\Communication_Imate_Uart\Communication_Imate_Uart_V1\Debug\Obj
[2] = dl7M_tln.a
[3] = m7M_tls.a
[4] = rt7M_tl.a
[5] = shb_l.a

  11'700 bytes of readonly  code memory
     829 bytes of readonly  data memory
   4'729 bytes of readwrite data memory

Errors: none
Warnings: none
